// Jest Snapshot v1, https://goo.gl/fbAQLP

exports[`vamos a probar RegisterScreen debe hacer match con el snapahot 1`] = `
<div
  className="animate__animated animate__fadeIn animate__fast"
>
  <h3
    className="auth__title mb-5"
  >
    Register
  </h3>
  <form
    onSubmit={[Function]}
  >
    <input
      autoComplete="off"
      className="auth__input"
      name="name"
      onChange={[Function]}
      placeholder="Name"
      type="text"
      value="Alex Rodriguez"
    />
    <input
      autoComplete="off"
      className="auth__input"
      name="email"
      onChange={[Function]}
      placeholder="Email"
      type="text"
      value="alexrodriguez@gmail.com"
    />
    <input
      className="auth__input"
      name="password"
      onChange={[Function]}
      placeholder="Password"
      type="password"
      value="123456"
    />
    <input
      className="auth__input"
      name="password2"
      onChange={[Function]}
      placeholder="Confirm Password"
      type="password"
      value="123456"
    />
    <button
      className="btn btn-primary"
      type="submit"
    >
      Register
    </button>
    <a
      className="auth__link"
      href="/auth/login"
      onClick={[Function]}
    >
      I have a account
    </a>
  </form>
</div>
`;
