// Jest Snapshot v1, https://goo.gl/fbAQLP

exports[`vamos a probar el <NoteScreen /> debe hacer match con el snapahot 1`] = `
<div
  className="notes__main-content"
>
  <div
    className="notes__appbar"
  >
    <span>
      Wednesday, 31st December 1969
    </span>
    <input
      id="chooseFile"
      onChange={[Function]}
      style={
        Object {
          "display": "none",
        }
      }
      type="file"
    />
    <div>
      <button
        className="btn"
        onClick={[Function]}
      >
        Picture
      </button>
      <button
        className="btn"
        onClick={[Function]}
      >
        Save
      </button>
    </div>
  </div>
  <div
    className="notes__content"
  >
    <input
      autoComplete="off"
      className="notes__title-input"
      name="title"
      onChange={[Function]}
      placeholder="Some awesome title"
      type="text"
      value="Hola"
    />
    <textarea
      className="notes__textarea"
      name="body"
      onChange={[Function]}
      placeholder="What happened today"
      value="Mundo"
    />
    <div
      className="notes__image"
    >
      <img
        alt="universe"
        src="jgjgghghghgh"
      />
    </div>
    <button
      className="btn btn-danger"
      onClick={[Function]}
    >
      Delete
    </button>
  </div>
</div>
`;
